../Drivers/STM32F3xx_HAL_Driver/Src/stm32f3xx_hal_dac_ex.c:112:19:HAL_DAC_SetValue	32	static
../Drivers/STM32F3xx_HAL_Driver/Src/stm32f3xx_hal_dac_ex.c:303:19:HAL_DAC_Start	16	static
../Drivers/STM32F3xx_HAL_Driver/Src/stm32f3xx_hal_dac_ex.c:493:19:HAL_DAC_Start_DMA	32	static
../Drivers/STM32F3xx_HAL_Driver/Src/stm32f3xx_hal_dac_ex.c:607:10:HAL_DAC_GetValue	16	static
../Drivers/STM32F3xx_HAL_Driver/Src/stm32f3xx_hal_dac_ex.c:625:10:HAL_DACEx_DualGetValue	24	static
../Drivers/STM32F3xx_HAL_Driver/Src/stm32f3xx_hal_dac_ex.c:730:6:HAL_DAC_IRQHandler	16	static
../Drivers/STM32F3xx_HAL_Driver/Src/stm32f3xx_hal_dac_ex.c:771:19:HAL_DAC_ConfigChannel	32	static
../Drivers/STM32F3xx_HAL_Driver/Src/stm32f3xx_hal_dac_ex.c:870:19:HAL_DACEx_TriangleWaveGenerate	24	static
../Drivers/STM32F3xx_HAL_Driver/Src/stm32f3xx_hal_dac_ex.c:919:19:HAL_DACEx_NoiseWaveGenerate	24	static
../Drivers/STM32F3xx_HAL_Driver/Src/stm32f3xx_hal_dac_ex.c:1033:13:DAC_DMAConvCpltCh1	24	static
../Drivers/STM32F3xx_HAL_Driver/Src/stm32f3xx_hal_dac_ex.c:1051:13:DAC_DMAHalfConvCpltCh1	24	static
../Drivers/STM32F3xx_HAL_Driver/Src/stm32f3xx_hal_dac_ex.c:1068:13:DAC_DMAErrorCh1	24	static
