../Core/Src/main.c:64:6:send_OK	8	static
../Core/Src/main.c:69:6:send_FAIL	8	static
../Core/Src/main.c:74:6:send_UNKNOWN	8	static
../Core/Src/main.c:85:5:main	16	static
../Core/Src/main.c:172:6:SystemClock_Config	72	static
../Core/Src/main.c:211:13:MX_DAC_Init	24	static
../Core/Src/main.c:251:13:MX_USART2_UART_Init	8	static
../Core/Src/main.c:286:13:MX_GPIO_Init	48	static
../Core/Src/main.c:339:6:HAL_GPIO_EXTI_Callback	16	static
../Core/Src/main.c:356:6:Error_Handler	4	static,ignoring_inline_asm
