Archive member included to satisfy reference by file (symbol)

C:/ST/STM32CubeIDE_1.13.1/STM32CubeIDE/plugins/com.st.stm32cube.ide.mcu.externaltools.gnu-tools-for-stm32.11.3.rel1.win32_1.1.0.202305231506/tools/bin/../lib/gcc/arm-none-eabi/11.3.1/../../../../arm-none-eabi/lib/thumb/v7e-m+fp/hard\libc_nano.a(libc_a-exit.o)
                              C:/ST/STM32CubeIDE_1.13.1/STM32CubeIDE/plugins/com.st.stm32cube.ide.mcu.externaltools.gnu-tools-for-stm32.11.3.rel1.win32_1.1.0.202305231506/tools/bin/../lib/gcc/arm-none-eabi/11.3.1/../../../../arm-none-eabi/lib/thumb/v7e-m+fp/hard/crt0.o (exit)
C:/ST/STM32CubeIDE_1.13.1/STM32CubeIDE/plugins/com.st.stm32cube.ide.mcu.externaltools.gnu-tools-for-stm32.11.3.rel1.win32_1.1.0.202305231506/tools/bin/../lib/gcc/arm-none-eabi/11.3.1/../../../../arm-none-eabi/lib/thumb/v7e-m+fp/hard\libc_nano.a(libc_a-findfp.o)
                              C:/ST/STM32CubeIDE_1.13.1/STM32CubeIDE/plugins/com.st.stm32cube.ide.mcu.externaltools.gnu-tools-for-stm32.11.3.rel1.win32_1.1.0.202305231506/tools/bin/../lib/gcc/arm-none-eabi/11.3.1/../../../../arm-none-eabi/lib/thumb/v7e-m+fp/hard\libc_nano.a(libc_a-exit.o) (__stdio_exit_handler)
C:/ST/STM32CubeIDE_1.13.1/STM32CubeIDE/plugins/com.st.stm32cube.ide.mcu.externaltools.gnu-tools-for-stm32.11.3.rel1.win32_1.1.0.202305231506/tools/bin/../lib/gcc/arm-none-eabi/11.3.1/../../../../arm-none-eabi/lib/thumb/v7e-m+fp/hard\libc_nano.a(libc_a-fwalk.o)
                              C:/ST/STM32CubeIDE_1.13.1/STM32CubeIDE/plugins/com.st.stm32cube.ide.mcu.externaltools.gnu-tools-for-stm32.11.3.rel1.win32_1.1.0.202305231506/tools/bin/../lib/gcc/arm-none-eabi/11.3.1/../../../../arm-none-eabi/lib/thumb/v7e-m+fp/hard\libc_nano.a(libc_a-findfp.o) (_fwalk_sglue)
C:/ST/STM32CubeIDE_1.13.1/STM32CubeIDE/plugins/com.st.stm32cube.ide.mcu.externaltools.gnu-tools-for-stm32.11.3.rel1.win32_1.1.0.202305231506/tools/bin/../lib/gcc/arm-none-eabi/11.3.1/../../../../arm-none-eabi/lib/thumb/v7e-m+fp/hard\libc_nano.a(libc_a-stdio.o)
                              C:/ST/STM32CubeIDE_1.13.1/STM32CubeIDE/plugins/com.st.stm32cube.ide.mcu.externaltools.gnu-tools-for-stm32.11.3.rel1.win32_1.1.0.202305231506/tools/bin/../lib/gcc/arm-none-eabi/11.3.1/../../../../arm-none-eabi/lib/thumb/v7e-m+fp/hard\libc_nano.a(libc_a-findfp.o) (__sread)
C:/ST/STM32CubeIDE_1.13.1/STM32CubeIDE/plugins/com.st.stm32cube.ide.mcu.externaltools.gnu-tools-for-stm32.11.3.rel1.win32_1.1.0.202305231506/tools/bin/../lib/gcc/arm-none-eabi/11.3.1/../../../../arm-none-eabi/lib/thumb/v7e-m+fp/hard\libc_nano.a(libc_a-memset.o)
                              C:/ST/STM32CubeIDE_1.13.1/STM32CubeIDE/plugins/com.st.stm32cube.ide.mcu.externaltools.gnu-tools-for-stm32.11.3.rel1.win32_1.1.0.202305231506/tools/bin/../lib/gcc/arm-none-eabi/11.3.1/../../../../arm-none-eabi/lib/thumb/v7e-m+fp/hard/crt0.o (memset)
C:/ST/STM32CubeIDE_1.13.1/STM32CubeIDE/plugins/com.st.stm32cube.ide.mcu.externaltools.gnu-tools-for-stm32.11.3.rel1.win32_1.1.0.202305231506/tools/bin/../lib/gcc/arm-none-eabi/11.3.1/../../../../arm-none-eabi/lib/thumb/v7e-m+fp/hard\libc_nano.a(libc_a-closer.o)
                              C:/ST/STM32CubeIDE_1.13.1/STM32CubeIDE/plugins/com.st.stm32cube.ide.mcu.externaltools.gnu-tools-for-stm32.11.3.rel1.win32_1.1.0.202305231506/tools/bin/../lib/gcc/arm-none-eabi/11.3.1/../../../../arm-none-eabi/lib/thumb/v7e-m+fp/hard\libc_nano.a(libc_a-stdio.o) (_close_r)
C:/ST/STM32CubeIDE_1.13.1/STM32CubeIDE/plugins/com.st.stm32cube.ide.mcu.externaltools.gnu-tools-for-stm32.11.3.rel1.win32_1.1.0.202305231506/tools/bin/../lib/gcc/arm-none-eabi/11.3.1/../../../../arm-none-eabi/lib/thumb/v7e-m+fp/hard\libc_nano.a(libc_a-reent.o)
                              C:/ST/STM32CubeIDE_1.13.1/STM32CubeIDE/plugins/com.st.stm32cube.ide.mcu.externaltools.gnu-tools-for-stm32.11.3.rel1.win32_1.1.0.202305231506/tools/bin/../lib/gcc/arm-none-eabi/11.3.1/../../../../arm-none-eabi/lib/thumb/v7e-m+fp/hard\libc_nano.a(libc_a-closer.o) (errno)
C:/ST/STM32CubeIDE_1.13.1/STM32CubeIDE/plugins/com.st.stm32cube.ide.mcu.externaltools.gnu-tools-for-stm32.11.3.rel1.win32_1.1.0.202305231506/tools/bin/../lib/gcc/arm-none-eabi/11.3.1/../../../../arm-none-eabi/lib/thumb/v7e-m+fp/hard\libc_nano.a(libc_a-impure.o)
                              C:/ST/STM32CubeIDE_1.13.1/STM32CubeIDE/plugins/com.st.stm32cube.ide.mcu.externaltools.gnu-tools-for-stm32.11.3.rel1.win32_1.1.0.202305231506/tools/bin/../lib/gcc/arm-none-eabi/11.3.1/../../../../arm-none-eabi/lib/thumb/v7e-m+fp/hard\libc_nano.a(libc_a-reent.o) (_impure_ptr)
C:/ST/STM32CubeIDE_1.13.1/STM32CubeIDE/plugins/com.st.stm32cube.ide.mcu.externaltools.gnu-tools-for-stm32.11.3.rel1.win32_1.1.0.202305231506/tools/bin/../lib/gcc/arm-none-eabi/11.3.1/../../../../arm-none-eabi/lib/thumb/v7e-m+fp/hard\libc_nano.a(libc_a-lseekr.o)
[...]
Memory Configuration

Name             Origin             Length             Attributes
CCMRAM           0x0000000010000000 0x0000000000004000 xrw
RAM              0x0000000020000000 0x0000000000010000 xrw
FLASH            0x0000000008000000 0x0000000000080000 xr
*default*        0x0000000000000000 0xffffffffffffffff

Linker script and memory map

LOAD C:/ST/STM32CubeIDE_1.13.1/STM32CubeIDE/plugins/com.st.stm32cube.ide.mcu.externaltools.gnu-tools-for-stm32.11.3.rel1.win32_1.1.0.202305231506/tools/bin/../lib/gcc/arm-none-eabi/11.3.1/thumb/v7e-m+fp/hard/crti.o
LOAD C:/ST/STM32CubeIDE_1.13.1/STM32CubeIDE/plugins/com.st.stm32cube.ide.mcu.externaltools.gnu-tools-for-stm32.11.3.rel1.win32_1.1.0.202305231506/tools/bin/../lib/gcc/arm-none-eabi/11.3.1/thumb/v7e-m+fp/hard/crtbegin.o
LOAD C:/ST/STM32CubeIDE_1.13.1/STM32CubeIDE/plugins/com.st.stm32cube.ide.mcu.externaltools.gnu-tools-for-stm32.11.3.rel1.win32_1.1.0.202305231506/tools/bin/../lib/gcc/arm-none-eabi/11.3.1/../../../../arm-none-eabi/lib/thumb/v7e-m+fp/hard/crt0.o
LOAD ./Core/Src/main.o
LOAD ./Core/Src/stm32f3xx_hal_msp.o
LOAD ./Core/Src/stm32f3xx_it.o
LOAD ./Core/Src/syscalls.o
LOAD ./Core/Src/sysmem.o
LOAD ./Core/Src/system_stm32f3xx.o
LOAD ./Core/Startup/startup_stm32f303retx.o
LOAD ./Drivers/STM32F3xx_HAL_Driver/Src/stm32f3xx_hal.o
LOAD ./Drivers/STM32F3xx_HAL_Driver/Src/stm32f3xx_hal_cortex.o
LOAD ./Drivers/STM32F3xx_HAL_Driver/Src/stm32f3xx_hal_dac.o
LOAD ./Drivers/STM32F3xx_HAL_Driver/Src/stm32f3xx_hal_dac_ex.o
LOAD ./Drivers/STM32F3xx_HAL_Driver/Src/stm32f3xx_hal_dma.o
LOAD ./Drivers/STM32F3xx_HAL_Driver/Src/stm32f3xx_hal_exti.o
LOAD ./Drivers/STM32F3xx_HAL_Driver/Src/stm32f3xx_hal_flash.o
LOAD ./Drivers/STM32F3xx_HAL_Driver/Src/stm32f3xx_hal_flash_ex.o
LOAD ./Drivers/STM32F3xx_HAL_Driver/Src/stm32f3xx_hal_gpio.o
LOAD ./Drivers/STM32F3xx_HAL_Driver/Src/stm32f3xx_hal_i2c.o
LOAD ./Drivers/STM32F3xx_HAL_Driver/Src/stm32f3xx_hal_i2c_ex.o
LOAD ./Drivers/STM32F3xx_HAL_Driver/Src/stm32f3xx_hal_pwr.o
LOAD ./Drivers/STM32F3xx_HAL_Driver/Src/stm32f3xx_hal_pwr_ex.o
LOAD ./Drivers/STM32F3xx_HAL_Driver/Src/stm32f3xx_hal_rcc.o
LOAD ./Drivers/STM32F3xx_HAL_Driver/Src/stm32f3xx_hal_rcc_ex.o
LOAD ./Drivers/STM32F3xx_HAL_Driver/Src/stm32f3xx_hal_tim.o
LOAD ./Drivers/STM32F3xx_HAL_Driver/Src/stm32f3xx_hal_tim_ex.o
LOAD ./Drivers/STM32F3xx_HAL_Driver/Src/stm32f3xx_hal_uart.o
LOAD ./Drivers/STM32F3xx_HAL_Driver/Src/stm32f3xx_hal_uart_ex.o
START GROUP
LOAD C:/ST/STM32CubeIDE_1.13.1/STM32CubeIDE/plugins/com.st.stm32cube.ide.mcu.externaltools.gnu-tools-for-stm32.11.3.rel1.win32_1.1.0.202305231506/tools/bin/../lib/gcc/arm-none-eabi/11.3.1/../../../../arm-none-eabi/lib/thumb/v7e-m+fp/hard\libstdc++_nano.a
LOAD C:/ST/STM32CubeIDE_1.13.1/STM32CubeIDE/plugins/com.st.stm32cube.ide.mcu.externaltools.gnu-tools-for-stm32.11.3.rel1.win32_1.1.0.202305231506/tools/bin/../lib/gcc/arm-none-eabi/11.3.1/../../../../arm-none-eabi/lib/thumb/v7e-m+fp/hard\libsupc++_nano.a
END GROUP
LOAD C:/ST/STM32CubeIDE_1.13.1/STM32CubeIDE/plugins/com.st.stm32cube.ide.mcu.externaltools.gnu-tools-for-stm32.11.3.rel1.win32_1.1.0.202305231506/tools/bin/../lib/gcc/arm-none-eabi/11.3.1/../../../../arm-none-eabi/lib/thumb/v7e-m+fp/hard\libstdc++_nano.a
LOAD C:/ST/STM32CubeIDE_1.13.1/STM32CubeIDE/plugins/com.st.stm32cube.ide.mcu.externaltools.gnu-tools-for-stm32.11.3.rel1.win32_1.1.0.202305231506/tools/bin/../lib/gcc/arm-none-eabi/11.3.1/../../../../arm-none-eabi/lib/thumb/v7e-m+fp/hard\libm.a
LOAD C:/ST/STM32CubeIDE_1.13.1/STM32CubeIDE/plugins/com.st.stm32cube.ide.mcu.externaltools.gnu-tools-for-stm32.11.3.rel1.win32_1.1.0.202305231506/tools/bin/../lib/gcc/arm-none-eabi/11.3.1/../../../../arm-none-eabi/lib/thumb/v7e-m+fp/hard\libc_nano.a
START GROUP
LOAD C:/ST/STM32CubeIDE_1.13.1/STM32CubeIDE/plugins/com.st.stm32cube.ide.mcu.externaltools.gnu-tools-for-stm32.11.3.rel1.win32_1.1.0.202305231506/tools/bin/../lib/gcc/arm-none-eabi/11.3.1/thumb/v7e-m+fp/hard\libgcc.a
LOAD C:/ST/STM32CubeIDE_1.13.1/STM32CubeIDE/plugins/com.st.stm32cube.ide.mcu.externaltools.gnu-tools-for-stm32.11.3.rel1.win32_1.1.0.202305231506/tools/bin/../lib/gcc/arm-none-eabi/11.3.1/../../../../arm-none-eabi/lib/thumb/v7e-m+fp/hard\libc_nano.a
END GROUP
START GROUP
LOAD C:/ST/STM32CubeIDE_1.13.1/STM32CubeIDE/plugins/com.st.stm32cube.ide.mcu.externaltools.gnu-tools-for-stm32.11.3.rel1.win32_1.1.0.202305231506/tools/bin/../lib/gcc/arm-none-eabi/11.3.1/thumb/v7e-m+fp/hard\libgcc.a
LOAD C:/ST/STM32CubeIDE_1.13.1/STM32CubeIDE/plugins/com.st.stm32cube.ide.mcu.externaltools.gnu-tools-for-stm32.11.3.rel1.win32_1.1.0.202305231506/tools/bin/../lib/gcc/arm-none-eabi/11.3.1/../../../../arm-none-eabi/lib/thumb/v7e-m+fp/hard\libc_nano.a
LOAD C:/ST/STM32CubeIDE_1.13.1/STM32CubeIDE/plugins/com.st.stm32cube.ide.mcu.externaltools.gnu-tools-for-stm32.11.3.rel1.win32_1.1.0.202305231506/tools/bin/../lib/gcc/arm-none-eabi/11.3.1/../../../../arm-none-eabi/lib/thumb/v7e-m+fp/hard\libnosys.a
END GROUP
START GROUP
LOAD C:/ST/STM32CubeIDE_1.13.1/STM32CubeIDE/plugins/com.st.stm32cube.ide.mcu.externaltools.gnu-tools-for-stm32.11.3.rel1.win32_1.1.0.202305231506/tools/bin/../lib/gcc/arm-none-eabi/11.3.1/thumb/v7e-m+fp/hard\libgcc.a
LOAD C:/ST/STM32CubeIDE_1.13.1/STM32CubeIDE/plugins/com.st.stm32cube.ide.mcu.externaltools.gnu-tools-for-stm32.11.3.rel1.win32_1.1.0.202305231506/tools/bin/../lib/gcc/arm-none-eabi/11.3.1/../../../../arm-none-eabi/lib/thumb/v7e-m+fp/hard\libc_nano.a
LOAD C:/ST/STM32CubeIDE_1.13.1/STM32CubeIDE/plugins/com.st.stm32cube.ide.mcu.externaltools.gnu-tools-for-stm32.11.3.rel1.win32_1.1.0.202305231506/tools/bin/../lib/gcc/arm-none-eabi/11.3.1/../../../../arm-none-eabi/lib/thumb/v7e-m+fp/hard\libnosys.a
END GROUP
LOAD C:/ST/STM32CubeIDE_1.13.1/STM32CubeIDE/plugins/com.st.stm32cube.ide.mcu.externaltools.gnu-tools-for-stm32.11.3.rel1.win32_1.1.0.202305231506/tools/bin/../lib/gcc/arm-none-eabi/11.3.1/thumb/v7e-m+fp/hard/crtend.o
LOAD C:/ST/STM32CubeIDE_1.13.1/STM32CubeIDE/plugins/com.st.stm32cube.ide.mcu.externaltools.gnu-tools-for-stm32.11.3.rel1.win32_1.1.0.202305231506/tools/bin/../lib/gcc/arm-none-eabi/11.3.1/thumb/v7e-m+fp/hard/crtn.o
                0x0000000020010000                _estack = (ORIGIN (RAM) + LENGTH (RAM))
                0x0000000000000200                _Min_Heap_Size = 0x200
                0x0000000000000400                _Min_Stack_Size = 0x400

.isr_vector     0x0000000008000000      0x194
                0x0000000008000000                . = ALIGN (0x4)
 *(.isr_vector)
 .isr_vector    0x0000000008000000      0x194 ./Core/Startup/startup_stm32f303retx.o
                0x0000000008000000                g_pfnVectors
                0x0000000008000194                . = ALIGN (0x4)

.text           0x0000000008000194     0x3338
                0x0000000008000194                . = ALIGN (0x4)
 *(.text)
 .text          0x0000000008000194       0x40 C:/ST/STM32CubeIDE_1.13.1/STM32CubeIDE/plugins/com.st.stm32cube.ide.mcu.externaltools.gnu-tools-for-stm32.11.3.rel1.win32_1.1.0.202305231506/tools/bin/../lib/gcc/arm-none-eabi/11.3.1/thumb/v7e-m+fp/hard/crtbegin.o
 *(.text*)
 .text.send_OK  0x00000000080001d4       0x24 ./Core/Src/main.o
                0x00000000080001d4                send_OK
 .text.send_FAIL
                0x00000000080001f8       0x24 ./Core/Src/main.o
                0x00000000080001f8                send_FAIL
 .text.send_UNKNOWN
                0x000000000800021c       0x24 ./Core/Src/main.o
                0x000000000800021c                send_UNKNOWN
 .text.main     0x0000000008000240      0x12c ./Core/Src/main.o
                0x0000000008000240                main
 .text.SystemClock_Config
                0x000000000800036c       0xbc ./Core/Src/main.o
                0x000000000800036c                SystemClock_Config
 .text.MX_DAC1_Init
                0x0000000008000428       0x54 ./Core/Src/main.o
 .text.MX_USART2_UART_Init
                0x000000000800047c       0x60 ./Core/Src/main.o
 .text.MX_GPIO_Init
                0x00000000080004dc      0x118 ./Core/Src/main.o
 .text.Error_Handler
                0x00000000080005f4        0xa ./Core/Src/main.o
                0x00000000080005f4                Error_Handler
 *fill*         0x00000000080005fe        0x2 
 .text.HAL_MspInit
                0x0000000008000600       0x48 ./Core/Src/stm32f3xx_hal_msp.o
                0x0000000008000600                HAL_MspInit
 .text.HAL_DAC_MspInit
                0x0000000008000648       0x7c ./Core/Src/stm32f3xx_hal_msp.o
                0x0000000008000648                HAL_DAC_MspInit
 .text.HAL_UART_MspInit
                0x00000000080006c4       0x84 ./Core/Src/stm32f3xx_hal_msp.o
                0x00000000080006c4                HAL_UART_MspInit
 .text.NMI_Handler
                0x0000000008000748        0x6 ./Core/Src/stm32f3xx_it.o
                0x0000000008000748                NMI_Handler
 .text.HardFault_Handler
                0x000000000800074e        0x6 ./Core/Src/stm32f3xx_it.o
                0x000000000800074e                HardFault_Handler
 .text.MemManage_Handler
                0x0000000008000754        0x6 ./Core/Src/stm32f3xx_it.o
                0x0000000008000754                MemManage_Handler
 .text.BusFault_Handler
                0x000000000800075a        0x6 ./Core/Src/stm32f3xx_it.o
                0x000000000800075a                BusFault_Handler
 .text.UsageFault_Handler
                0x0000000008000760        0x6 ./Core/Src/stm32f3xx_it.o
                0x0000000008000760                UsageFault_Handler
 .text.SVC_Handler
                0x0000000008000766        0xe ./Core/Src/stm32f3xx_it.o
                0x0000000008000766                SVC_Handler
 .text.DebugMon_Handler
                0x0000000008000774        0xe ./Core/Src/stm32f3xx_it.o
                0x0000000008000774                DebugMon_Handler
 .text.PendSV_Handler
                0x0000000008000782        0xe ./Core/Src/stm32f3xx_it.o
                0x0000000008000782                PendSV_Handler
 .text.SysTick_Handler
                0x0000000008000790        0xc ./Core/Src/stm32f3xx_it.o
                0x0000000008000790                SysTick_Handler
 .text.SystemInit
                0x000000000800079c       0x24 ./Core/Src/system_stm32f3xx.o
                0x000000000800079c                SystemInit
 .text.Reset_Handler
                0x00000000080007c0       0x50 ./Core/Startup/startup_stm32f303retx.o
                0x00000000080007c0                Reset_Handler
 .text.Default_Handler
                0x0000000008000810        0x2 ./Core/Startup/startup_stm32f303retx.o
                0x0000000008000810                RTC_Alarm_IRQHandler
                0x0000000008000810                TIM8_TRG_COM_IRQHandler
                0x0000000008000810                TIM8_CC_IRQHandler
                0x0000000008000810                SPI4_IRQHandler
                0x0000000008000810                TIM1_CC_IRQHandler
                0x0000000008000810                USB_HP_IRQHandler
                0x0000000008000810                PVD_IRQHandler
                0x0000000008000810                TAMP_STAMP_IRQHandler
                0x0000000008000810                EXTI3_IRQHandler
                0x0000000008000810                I2C3_ER_IRQHandler
                0x0000000008000810                USB_HP_CAN_TX_IRQHandler
                0x0000000008000810                EXTI0_IRQHandler
                0x0000000008000810                I2C2_EV_IRQHandler
                0x0000000008000810                FPU_IRQHandler
                0x0000000008000810                TIM1_UP_TIM16_IRQHandler
                0x0000000008000810                ADC1_2_IRQHandler
                0x0000000008000810                SPI1_IRQHandler
                0x0000000008000810                CAN_SCE_IRQHandler
                0x0000000008000810                TIM6_DAC_IRQHandler
                0x0000000008000810                TIM8_UP_IRQHandler
                0x0000000008000810                DMA2_Channel2_IRQHandler
                0x0000000008000810                DMA1_Channel4_IRQHandler
                0x0000000008000810                TIM20_TRG_COM_IRQHandler
                0x0000000008000810                USART3_IRQHandler
                0x0000000008000810                DMA1_Channel7_IRQHandler
                0x0000000008000810                UART5_IRQHandler
                0x0000000008000810                ADC3_IRQHandler
                0x0000000008000810                TIM4_IRQHandler
                0x0000000008000810                CAN_RX1_IRQHandler
                0x0000000008000810                DMA2_Channel1_IRQHandler
                0x0000000008000810                I2C1_EV_IRQHandler
                0x0000000008000810                DMA1_Channel6_IRQHandler
                0x0000000008000810                UART4_IRQHandler
                0x0000000008000810                DMA2_Channel4_IRQHandler
                0x0000000008000810                TIM3_IRQHandler
                0x0000000008000810                RCC_IRQHandler
                0x0000000008000810                TIM20_UP_IRQHandler
                0x0000000008000810                DMA1_Channel1_IRQHandler
                0x0000000008000810                Default_Handler
                0x0000000008000810                USBWakeUp_RMP_IRQHandler
                0x0000000008000810                EXTI15_10_IRQHandler
                0x0000000008000810                TIM7_IRQHandler
                0x0000000008000810                I2C3_EV_IRQHandler
                0x0000000008000810                EXTI9_5_IRQHandler
                0x0000000008000810                RTC_WKUP_IRQHandler
                0x0000000008000810                SPI2_IRQHandler
                0x0000000008000810                USB_LP_CAN_RX0_IRQHandler
                0x0000000008000810                DMA2_Channel5_IRQHandler
                0x0000000008000810                DMA1_Channel5_IRQHandler
                0x0000000008000810                USB_LP_IRQHandler
                0x0000000008000810                EXTI4_IRQHandler
                0x0000000008000810                TIM1_TRG_COM_TIM17_IRQHandler
                0x0000000008000810                DMA1_Channel3_IRQHandler
                0x0000000008000810                ADC4_IRQHandler
                0x0000000008000810                WWDG_IRQHandler
                0x0000000008000810                TIM2_IRQHandler
                0x0000000008000810                COMP7_IRQHandler
                0x0000000008000810                COMP1_2_3_IRQHandler
                0x0000000008000810                EXTI1_IRQHandler
                0x0000000008000810                USART2_IRQHandler
                0x0000000008000810                COMP4_5_6_IRQHandler
                0x0000000008000810                TIM20_BRK_IRQHandler
                0x0000000008000810                I2C2_ER_IRQHandler
                0x0000000008000810                DMA1_Channel2_IRQHandler
                0x0000000008000810                TIM8_BRK_IRQHandler
                0x0000000008000810                FLASH_IRQHandler
                0x0000000008000810                TIM20_CC_IRQHandler
                0x0000000008000810                USART1_IRQHandler
                0x0000000008000810                SPI3_IRQHandler
                0x0000000008000810                I2C1_ER_IRQHandler
                0x0000000008000810                FMC_IRQHandler
                0x0000000008000810                USBWakeUp_IRQHandler
                0x0000000008000810                DMA2_Channel3_IRQHandler
                0x0000000008000810                EXTI2_TSC_IRQHandler
                0x0000000008000810                TIM1_BRK_TIM15_IRQHandler
 *fill*         0x0000000008000812        0x2 
 .text.HAL_Init
                0x0000000008000814       0x2c ./Drivers/STM32F3xx_HAL_Driver/Src/stm32f3xx_hal.o
                0x0000000008000814                HAL_Init
 .text.HAL_InitTick
                0x0000000008000840       0x60 ./Drivers/STM32F3xx_HAL_Driver/Src/stm32f3xx_hal.o
                0x0000000008000840                HAL_InitTick
 .text.HAL_IncTick
                0x00000000080008a0       0x28 ./Drivers/STM32F3xx_HAL_Driver/Src/stm32f3xx_hal.o
                0x00000000080008a0                HAL_IncTick
 .text.HAL_GetTick
                0x00000000080008c8       0x18 ./Drivers/STM32F3xx_HAL_Driver/Src/stm32f3xx_hal.o
                0x00000000080008c8                HAL_GetTick
 .text.HAL_Delay
                0x00000000080008e0       0x48 ./Drivers/STM32F3xx_HAL_Driver/Src/stm32f3xx_hal.o
                0x00000000080008e0                HAL_Delay
 .text.__NVIC_SetPriorityGrouping
                0x0000000008000928       0x48 ./Drivers/STM32F3xx_HAL_Driver/Src/stm32f3xx_hal_cortex.o
 .text.__NVIC_GetPriorityGrouping
                0x0000000008000970       0x1c ./Drivers/STM32F3xx_HAL_Driver/Src/stm32f3xx_hal_cortex.o
 .text.__NVIC_SetPriority
                0x000000000800098c       0x54 ./Drivers/STM32F3xx_HAL_Driver/Src/stm32f3xx_hal_cortex.o
 .text.NVIC_EncodePriority
                0x00000000080009e0       0x66 ./Drivers/STM32F3xx_HAL_Driver/Src/stm32f3xx_hal_cortex.o
 *fill*         0x0000000008000a46        0x2 
 .text.SysTick_Config
                0x0000000008000a48       0x44 ./Drivers/STM32F3xx_HAL_Driver/Src/stm32f3xx_hal_cortex.o
 .text.HAL_NVIC_SetPriorityGrouping
                0x0000000008000a8c       0x16 ./Drivers/STM32F3xx_HAL_Driver/Src/stm32f3xx_hal_cortex.o
                0x0000000008000a8c                HAL_NVIC_SetPriorityGrouping
 .text.HAL_NVIC_SetPriority
                0x0000000008000aa2       0x38 ./Drivers/STM32F3xx_HAL_Driver/Src/stm32f3xx_hal_cortex.o
                0x0000000008000aa2                HAL_NVIC_SetPriority
 .text.HAL_SYSTICK_Config
                0x0000000008000ada       0x18 ./Drivers/STM32F3xx_HAL_Driver/Src/stm32f3xx_hal_cortex.o
                0x0000000008000ada                HAL_SYSTICK_Config
 .text.HAL_DAC_Init
                0x0000000008000af2       0x44 ./Drivers/STM32F3xx_HAL_Driver/Src/stm32f3xx_hal_dac.o
                0x0000000008000af2                HAL_DAC_Init
 .text.HAL_DAC_SetValue
                0x0000000008000b36       0x4a ./Drivers/STM32F3xx_HAL_Driver/Src/stm32f3xx_hal_dac_ex.o
                0x0000000008000b36                HAL_DAC_SetValue
 .text.HAL_DAC_Start
                0x0000000008000b80       0x96 ./Drivers/STM32F3xx_HAL_Driver/Src/stm32f3xx_hal_dac_ex.o
                0x0000000008000b80                HAL_DAC_Start
 .text.HAL_DAC_ConfigChannel
                0x0000000008000c16       0x9a ./Drivers/STM32F3xx_HAL_Driver/Src/stm32f3xx_hal_dac_ex.o
                0x0000000008000c16                HAL_DAC_ConfigChannel
 .text.HAL_GPIO_Init
                0x0000000008000cb0      0x314 ./Drivers/STM32F3xx_HAL_Driver/Src/stm32f3xx_hal_gpio.o
                0x0000000008000cb0                HAL_GPIO_Init
 .text.HAL_GPIO_WritePin
                0x0000000008000fc4       0x30 ./Drivers/STM32F3xx_HAL_Driver/Src/stm32f3xx_hal_gpio.o
                0x0000000008000fc4                HAL_GPIO_WritePin
 .text.HAL_RCC_OscConfig
                0x0000000008000ff4     0x10a8 ./Drivers/STM32F3xx_HAL_Driver/Src/stm32f3xx_hal_rcc.o
                0x0000000008000ff4                HAL_RCC_OscConfig
 .text.HAL_RCC_ClockConfig
                0x000000000800209c      0x2f8 ./Drivers/STM32F3xx_HAL_Driver/Src/stm32f3xx_hal_rcc.o
                0x000000000800209c                HAL_RCC_ClockConfig
 .text.HAL_RCC_GetSysClockFreq
                0x0000000008002394       0xd4 ./Drivers/STM32F3xx_HAL_Driver/Src/stm32f3xx_hal_rcc.o
                0x0000000008002394                HAL_RCC_GetSysClockFreq
 .text.HAL_RCC_GetHCLKFreq
                0x0000000008002468       0x18 ./Drivers/STM32F3xx_HAL_Driver/Src/stm32f3xx_hal_rcc.o
                0x0000000008002468                HAL_RCC_GetHCLKFreq
 .text.HAL_RCC_GetPCLK1Freq
                0x0000000008002480       0x44 ./Drivers/STM32F3xx_HAL_Driver/Src/stm32f3xx_hal_rcc.o
                0x0000000008002480                HAL_RCC_GetPCLK1Freq
 .text.HAL_RCC_GetPCLK2Freq
                0x00000000080024c4       0x44 ./Drivers/STM32F3xx_HAL_Driver/Src/stm32f3xx_hal_rcc.o
                0x00000000080024c4                HAL_RCC_GetPCLK2Freq
 .text.HAL_RCCEx_PeriphCLKConfig
                0x0000000008002508      0x43c ./Drivers/STM32F3xx_HAL_Driver/Src/stm32f3xx_hal_rcc_ex.o
                0x0000000008002508                HAL_RCCEx_PeriphCLKConfig
 .text.HAL_UART_Init
                0x0000000008002944       0x9c ./Drivers/STM32F3xx_HAL_Driver/Src/stm32f3xx_hal_uart.o
                0x0000000008002944                HAL_UART_Init
 .text.HAL_UART_Transmit
                0x00000000080029e0      0x114 ./Drivers/STM32F3xx_HAL_Driver/Src/stm32f3xx_hal_uart.o
                0x00000000080029e0                HAL_UART_Transmit
 .text.HAL_UART_Receive
                0x0000000008002af4      0x192 ./Drivers/STM32F3xx_HAL_Driver/Src/stm32f3xx_hal_uart.o
                0x0000000008002af4                HAL_UART_Receive
 *fill*         0x0000000008002c86        0x2 
 .text.UART_SetConfig
                0x0000000008002c88      0x3a8 ./Drivers/STM32F3xx_HAL_Driver/Src/stm32f3xx_hal_uart.o
                0x0000000008002c88                UART_SetConfig
 .text.UART_AdvFeatureConfig
                0x0000000008003030      0x144 ./Drivers/STM32F3xx_HAL_Driver/Src/stm32f3xx_hal_uart.o
                0x0000000008003030                UART_AdvFeatureConfig
 .text.UART_CheckIdleState
                0x0000000008003174      0x150 ./Drivers/STM32F3xx_HAL_Driver/Src/stm32f3xx_hal_uart.o
                0x0000000008003174                UART_CheckIdleState
 .text.UART_WaitOnFlagUntilTimeout
                0x00000000080032c4       0xce ./Drivers/STM32F3xx_HAL_Driver/Src/stm32f3xx_hal_uart.o
                0x00000000080032c4                UART_WaitOnFlagUntilTimeout
 .text.UART_EndRxTransfer
                0x0000000008003392       0xc8 ./Drivers/STM32F3xx_HAL_Driver/Src/stm32f3xx_hal_uart.o
 .text.memset   0x000000000800345a       0x10 C:/ST/STM32CubeIDE_1.13.1/STM32CubeIDE/plugins/com.st.stm32cube.ide.mcu.externaltools.gnu-tools-for-stm32.11.3.rel1.win32_1.1.0.202305231506/tools/bin/../lib/gcc/arm-none-eabi/11.3.1/../../../../arm-none-eabi/lib/thumb/v7e-m+fp/hard\libc_nano.a(libc_a-memset.o)
                0x000000000800345a                memset
 *fill*         0x000000000800346a        0x2 
 .text.__libc_init_array
                0x000000000800346c       0x48 C:/ST/STM32CubeIDE_1.13.1/STM32CubeIDE/plugins/com.st.stm32cube.ide.mcu.externaltools.gnu-tools-for-stm32.11.3.rel1.win32_1.1.0.202305231506/tools/bin/../lib/gcc/arm-none-eabi/11.3.1/../../../../arm-none-eabi/lib/thumb/v7e-m+fp/hard\libc_nano.a(libc_a-init.o)
                0x000000000800346c                __libc_init_array
 *(.glue_7)
 .glue_7        0x00000000080034b4        0x0 linker stubs
 *(.glue_7t)
 .glue_7t       0x00000000080034b4        0x0 linker stubs
 *(.eh_frame)
 .eh_frame      0x00000000080034b4        0x0 C:/ST/STM32CubeIDE_1.13.1/STM32CubeIDE/plugins/com.st.stm32cube.ide.mcu.externaltools.gnu-tools-for-stm32.11.3.rel1.win32_1.1.0.202305231506/tools/bin/../lib/gcc/arm-none-eabi/11.3.1/thumb/v7e-m+fp/hard/crtbegin.o
 *(.init)
 .init          0x00000000080034b4        0x4 C:/ST/STM32CubeIDE_1.13.1/STM32CubeIDE/plugins/com.st.stm32cube.ide.mcu.externaltools.gnu-tools-for-stm32.11.3.rel1.win32_1.1.0.202305231506/tools/bin/../lib/gcc/arm-none-eabi/11.3.1/thumb/v7e-m+fp/hard/crti.o
                0x00000000080034b4                _init
 .init          0x00000000080034b8        0x8 C:/ST/STM32CubeIDE_1.13.1/STM32CubeIDE/plugins/com.st.stm32cube.ide.mcu.externaltools.gnu-tools-for-stm32.11.3.rel1.win32_1.1.0.202305231506/tools/bin/../lib/gcc/arm-none-eabi/11.3.1/thumb/v7e-m+fp/hard/crtn.o
 *(.fini)
 .fini          0x00000000080034c0        0x4 C:/ST/STM32CubeIDE_1.13.1/STM32CubeIDE/plugins/com.st.stm32cube.ide.mcu.externaltools.gnu-tools-for-stm32.11.3.rel1.win32_1.1.0.202305231506/tools/bin/../lib/gcc/arm-none-eabi/11.3.1/thumb/v7e-m+fp/hard/crti.o
                0x00000000080034c0                _fini
 .fini          0x00000000080034c4        0x8 C:/ST/STM32CubeIDE_1.13.1/STM32CubeIDE/plugins/com.st.stm32cube.ide.mcu.externaltools.gnu-tools-for-stm32.11.3.rel1.win32_1.1.0.202305231506/tools/bin/../lib/gcc/arm-none-eabi/11.3.1/thumb/v7e-m+fp/hard/crtn.o
                0x00000000080034cc                . = ALIGN (0x4)
                0x00000000080034cc                _etext = .

.vfp11_veneer   0x00000000080034cc        0x0
 .vfp11_veneer  0x00000000080034cc        0x0 linker stubs

.v4_bx          0x00000000080034cc        0x0
 .v4_bx         0x00000000080034cc        0x0 linker stubs

.iplt           0x00000000080034cc        0x0
 .iplt          0x00000000080034cc        0x0 C:/ST/STM32CubeIDE_1.13.1/STM32CubeIDE/plugins/com.st.stm32cube.ide.mcu.externaltools.gnu-tools-for-stm32.11.3.rel1.win32_1.1.0.202305231506/tools/bin/../lib/gcc/arm-none-eabi/11.3.1/thumb/v7e-m+fp/hard/crtbegin.o

.rodata         0x00000000080034cc       0x38
                0x00000000080034cc                . = ALIGN (0x4)
 *(.rodata)
 *(.rodata*)
 .rodata.AHBPrescTable
                0x00000000080034cc       0x10 ./Core/Src/system_stm32f3xx.o
                0x00000000080034cc                AHBPrescTable
 .rodata.APBPrescTable
                0x00000000080034dc        0x8 ./Core/Src/system_stm32f3xx.o
                0x00000000080034dc                APBPrescTable
 .rodata.aPLLMULFactorTable
                0x00000000080034e4       0x10 ./Drivers/STM32F3xx_HAL_Driver/Src/stm32f3xx_hal_rcc.o
 .rodata.aPredivFactorTable
                0x00000000080034f4       0x10 ./Drivers/STM32F3xx_HAL_Driver/Src/stm32f3xx_hal_rcc.o
                0x0000000008003504                . = ALIGN (0x4)

.rel.dyn        0x0000000008003504        0x0
 .rel.iplt      0x0000000008003504        0x0 C:/ST/STM32CubeIDE_1.13.1/STM32CubeIDE/plugins/com.st.stm32cube.ide.mcu.externaltools.gnu-tools-for-stm32.11.3.rel1.win32_1.1.0.202305231506/tools/bin/../lib/gcc/arm-none-eabi/11.3.1/thumb/v7e-m+fp/hard/crtbegin.o

.ARM.extab      0x0000000008003504        0x0
                0x0000000008003504                . = ALIGN (0x4)
 *(.ARM.extab* .gnu.linkonce.armextab.*)
                0x0000000008003504                . = ALIGN (0x4)

.ARM            0x0000000008003504        0x0
                0x0000000008003504                . = ALIGN (0x4)
                0x0000000008003504                __exidx_start = .
 *(.ARM.exidx*)
                0x0000000008003504                __exidx_end = .
                0x0000000008003504                . = ALIGN (0x4)

.preinit_array  0x0000000008003504        0x0
                0x0000000008003504                . = ALIGN (0x4)
                0x0000000008003504                PROVIDE (__preinit_array_start = .)
 *(.preinit_array*)
                0x0000000008003504                PROVIDE (__preinit_array_end = .)
                0x0000000008003504                . = ALIGN (0x4)

.init_array     0x0000000008003504        0x4
                0x0000000008003504                . = ALIGN (0x4)
                0x0000000008003504                PROVIDE (__init_array_start = .)
 *(SORT_BY_NAME(.init_array.*))
 *(.init_array*)
 .init_array    0x0000000008003504        0x4 C:/ST/STM32CubeIDE_1.13.1/STM32CubeIDE/plugins/com.st.stm32cube.ide.mcu.externaltools.gnu-tools-for-stm32.11.3.rel1.win32_1.1.0.202305231506/tools/bin/../lib/gcc/arm-none-eabi/11.3.1/thumb/v7e-m+fp/hard/crtbegin.o
                0x0000000008003508                PROVIDE (__init_array_end = .)
                0x0000000008003508                . = ALIGN (0x4)

.fini_array     0x0000000008003508        0x4
                0x0000000008003508                . = ALIGN (0x4)
                [!provide]                        PROVIDE (__fini_array_start = .)
 *(SORT_BY_NAME(.fini_array.*))
 *(.fini_array*)
 .fini_array    0x0000000008003508        0x4 C:/ST/STM32CubeIDE_1.13.1/STM32CubeIDE/plugins/com.st.stm32cube.ide.mcu.externaltools.gnu-tools-for-stm32.11.3.rel1.win32_1.1.0.202305231506/tools/bin/../lib/gcc/arm-none-eabi/11.3.1/thumb/v7e-m+fp/hard/crtbegin.o
                [!provide]                        PROVIDE (__fini_array_end = .)
                0x000000000800350c                . = ALIGN (0x4)
                0x000000000800350c                _sidata = LOADADDR (.data)

.data           0x0000000020000000        0xc load address 0x000000000800350c
                0x0000000020000000                . = ALIGN (0x4)
                0x0000000020000000                _sdata = .
 *(.data)
 *(.data*)
 .data.SystemCoreClock
                0x0000000020000000        0x4 ./Core/Src/system_stm32f3xx.o
                0x0000000020000000                SystemCoreClock
 .data.uwTickPrio
                0x0000000020000004        0x4 ./Drivers/STM32F3xx_HAL_Driver/Src/stm32f3xx_hal.o
                0x0000000020000004                uwTickPrio
 .data.uwTickFreq
                0x0000000020000008        0x1 ./Drivers/STM32F3xx_HAL_Driver/Src/stm32f3xx_hal.o
                0x0000000020000008                uwTickFreq
 *(.RamFunc)
 *(.RamFunc*)
                0x000000002000000c                . = ALIGN (0x4)
 *fill*         0x0000000020000009        0x3 
                0x000000002000000c                _edata = .
                0x0000000008003518                _siccmram = LOADADDR (.ccmram)

.igot.plt       0x000000002000000c        0x0 load address 0x0000000008003518
 .igot.plt      0x000000002000000c        0x0 C:/ST/STM32CubeIDE_1.13.1/STM32CubeIDE/plugins/com.st.stm32cube.ide.mcu.externaltools.gnu-tools-for-stm32.11.3.rel1.win32_1.1.0.202305231506/tools/bin/../lib/gcc/arm-none-eabi/11.3.1/thumb/v7e-m+fp/hard/crtbegin.o

.ccmram         0x0000000010000000        0x0 load address 0x0000000008003518
                0x0000000010000000                . = ALIGN (0x4)
                0x0000000010000000                _sccmram = .
 *(.ccmram)
 *(.ccmram*)
                0x0000000010000000                . = ALIGN (0x4)
                0x0000000010000000                _eccmram = .
                0x0000000010000000                . = ALIGN (0x4)

.bss            0x000000002000000c       0xc4
                0x000000002000000c                _sbss = .
                0x000000002000000c                __bss_start__ = _sbss
 *(.bss)
 .bss           0x000000002000000c       0x1c C:/ST/STM32CubeIDE_1.13.1/STM32CubeIDE/plugins/com.st.stm32cube.ide.mcu.externaltools.gnu-tools-for-stm32.11.3.rel1.win32_1.1.0.202305231506/tools/bin/../lib/gcc/arm-none-eabi/11.3.1/thumb/v7e-m+fp/hard/crtbegin.o
 *(.bss*)
 .bss.hdac1     0x0000000020000028       0x14 ./Core/Src/main.o
                0x0000000020000028                hdac1
 .bss.huart2    0x000000002000003c       0x88 ./Core/Src/main.o
                0x000000002000003c                huart2
 .bss.send_buffer
                0x00000000200000c4        0x1 ./Core/Src/main.o
                0x00000000200000c4                send_buffer
 *fill*         0x00000000200000c5        0x3 
 .bss.receive_buffer
                0x00000000200000c8        0x4 ./Core/Src/main.o
                0x00000000200000c8                receive_buffer
 .bss.uwTick    0x00000000200000cc        0x4 ./Drivers/STM32F3xx_HAL_Driver/Src/stm32f3xx_hal.o
                0x00000000200000cc                uwTick
 *(COMMON)
                0x00000000200000d0                . = ALIGN (0x4)
                0x00000000200000d0                _ebss = .
                0x00000000200000d0                __bss_end__ = _ebss

._user_heap_stack
                0x00000000200000d0      0x600
                0x00000000200000d0                . = ALIGN (0x8)
                [!provide]                        PROVIDE (end = .)
                0x00000000200000d0                PROVIDE (_end = .)
                0x00000000200002d0                . = (. + _Min_Heap_Size)
 *fill*         0x00000000200000d0      0x200 
                0x00000000200006d0                . = (. + _Min_Stack_Size)
 *fill*         0x00000000200002d0      0x400 
                0x00000000200006d0                . = ALIGN (0x8)

/DISCARD/
 libc.a(*)
 libm.a(*)
 libgcc.a(*)

.ARM.attributes
                0x0000000000000000       0x30
 *(.ARM.attributes)
 .ARM.attributes
                0x0000000000000000       0x1e C:/ST/STM32CubeIDE_1.13.1/STM32CubeIDE/plugins/com.st.stm32cube.ide.mcu.externaltools.gnu-tools-for-stm32.11.3.rel1.win32_1.1.0.202305231506/tools/bin/../lib/gcc/arm-none-eabi/11.3.1/thumb/v7e-m+fp/hard/crti.o
 .ARM.attributes
                0x000000000000001e       0x34 C:/ST/STM32CubeIDE_1.13.1/STM32CubeIDE/plugins/com.st.stm32cube.ide.mcu.externaltools.gnu-tools-for-stm32.11.3.rel1.win32_1.1.0.202305231506/tools/bin/../lib/gcc/arm-none-eabi/11.3.1/thumb/v7e-m+fp/hard/crtbegin.o
 .ARM.attributes
                0x0000000000000052       0x34 ./Core/Src/main.o
 .ARM.attributes
                0x0000000000000086       0x34 ./Core/Src/stm32f3xx_hal_msp.o
 .ARM.attributes
                0x00000000000000ba       0x34 ./Core/Src/stm32f3xx_it.o
 .ARM.attributes
                0x00000000000000ee       0x34 ./Core/Src/system_stm32f3xx.o
 .ARM.attributes
                0x0000000000000122       0x21 ./Core/Startup/startup_stm32f303retx.o
 .ARM.attributes
                0x0000000000000143       0x34 ./Drivers/STM32F3xx_HAL_Driver/Src/stm32f3xx_hal.o
 .ARM.attributes
                0x0000000000000177       0x34 ./Drivers/STM32F3xx_HAL_Driver/Src/stm32f3xx_hal_cortex.o
 .ARM.attributes
                0x00000000000001ab       0x34 ./Drivers/STM32F3xx_HAL_Driver/Src/stm32f3xx_hal_dac.o
 .ARM.attributes
                0x00000000000001df       0x34 ./Drivers/STM32F3xx_HAL_Driver/Src/stm32f3xx_hal_dac_ex.o
 .ARM.attributes
                0x0000000000000213       0x34 ./Drivers/STM32F3xx_HAL_Driver/Src/stm32f3xx_hal_gpio.o
 .ARM.attributes
                0x0000000000000247       0x34 ./Drivers/STM32F3xx_HAL_Driver/Src/stm32f3xx_hal_rcc.o
 .ARM.attributes
                0x000000000000027b       0x34 ./Drivers/STM32F3xx_HAL_Driver/Src/stm32f3xx_hal_rcc_ex.o
 .ARM.attributes
                0x00000000000002af       0x34 ./Drivers/STM32F3xx_HAL_Driver/Src/stm32f3xx_hal_uart.o
 .ARM.attributes
                0x00000000000002e3       0x34 C:/ST/STM32CubeIDE_1.13.1/STM32CubeIDE/plugins/com.st.stm32cube.ide.mcu.externaltools.gnu-tools-for-stm32.11.3.rel1.win32_1.1.0.202305231506/tools/bin/../lib/gcc/arm-none-eabi/11.3.1/../../../../arm-none-eabi/lib/thumb/v7e-m+fp/hard\libc_nano.a(libc_a-memset.o)
 .ARM.attributes
                0x0000000000000317       0x34 C:/ST/STM32CubeIDE_1.13.1/STM32CubeIDE/plugins/com.st.stm32cube.ide.mcu.externaltools.gnu-tools-for-stm32.11.3.rel1.win32_1.1.0.202305231506/tools/bin/../lib/gcc/arm-none-eabi/11.3.1/../../../../arm-none-eabi/lib/thumb/v7e-m+fp/hard\libc_nano.a(libc_a-init.o)
 .ARM.attributes
                0x000000000000034b       0x1e C:/ST/STM32CubeIDE_1.13.1/STM32CubeIDE/plugins/com.st.stm32cube.ide.mcu.externaltools.gnu-tools-for-stm32.11.3.rel1.win32_1.1.0.202305231506/tools/bin/../lib/gcc/arm-none-eabi/11.3.1/thumb/v7e-m+fp/hard/crtn.o
OUTPUT(FeedbackHootingV2_303RE.elf elf32-littlearm)
LOAD linker stubs
LOAD C:/ST/STM32CubeIDE_1.13.1/STM32CubeIDE/plugins/com.st.stm32cube.ide.mcu.externaltools.gnu-tools-for-stm32.11.3.rel1.win32_1.1.0.202305231506/tools/bin/../lib/gcc/arm-none-eabi/11.3.1/../../../../arm-none-eabi/lib/thumb/v7e-m+fp/hard\libc.a
LOAD C:/ST/STM32CubeIDE_1.13.1/STM32CubeIDE/plugins/com.st.stm32cube.ide.mcu.externaltools.gnu-tools-for-stm32.11.3.rel1.win32_1.1.0.202305231506/tools/bin/../lib/gcc/arm-none-eabi/11.3.1/../../../../arm-none-eabi/lib/thumb/v7e-m+fp/hard\libm.a
LOAD C:/ST/STM32CubeIDE_1.13.1/STM32CubeIDE/plugins/com.st.stm32cube.ide.mcu.externaltools.gnu-tools-for-stm32.11.3.rel1.win32_1.1.0.202305231506/tools/bin/../lib/gcc/arm-none-eabi/11.3.1/thumb/v7e-m+fp/hard\libgcc.a

.comment        0x0000000000000000       0x43
 .comment       0x0000000000000000       0x43 C:/ST/STM32CubeIDE_1.13.1/STM32CubeIDE/plugins/com.st.stm32cube.ide.mcu.externaltools.gnu-tools-for-stm32.11.3.rel1.win32_1.1.0.202305231506/tools/bin/../lib/gcc/arm-none-eabi/11.3.1/thumb/v7e-m+fp/hard/crtbegin.o
                                         0x44 (size before relaxing)
 .comment       0x0000000000000043       0x44 ./Core/Src/main.o
 .comment       0x0000000000000043       0x44 ./Core/Src/stm32f3xx_hal_msp.o
 .comment       0x0000000000000043       0x44 ./Core/Src/stm32f3xx_it.o
 .comment       0x0000000000000043       0x44 ./Core/Src/system_stm32f3xx.o
 .comment       0x0000000000000043       0x44 ./Drivers/STM32F3xx_HAL_Driver/Src/stm32f3xx_hal.o
 .comment       0x0000000000000043       0x44 ./Drivers/STM32F3xx_HAL_Driver/Src/stm32f3xx_hal_cortex.o
 .comment       0x0000000000000043       0x44 ./Drivers/STM32F3xx_HAL_Driver/Src/stm32f3xx_hal_dac.o
 .comment       0x0000000000000043       0x44 ./Drivers/STM32F3xx_HAL_Driver/Src/stm32f3xx_hal_dac_ex.o
 .comment       0x0000000000000043       0x44 ./Drivers/STM32F3xx_HAL_Driver/Src/stm32f3xx_hal_gpio.o
 .comment       0x0000000000000043       0x44 ./Drivers/STM32F3xx_HAL_Driver/Src/stm32f3xx_hal_rcc.o
 .comment       0x0000000000000043       0x44 ./Drivers/STM32F3xx_HAL_Driver/Src/stm32f3xx_hal_rcc_ex.o
 .comment       0x0000000000000043       0x44 ./Drivers/STM32F3xx_HAL_Driver/Src/stm32f3xx_hal_uart.o

.debug_info     0x0000000000000000     0xa2f8
 .debug_info    0x0000000000000000     0x1042 ./Core/Src/main.o
 .debug_info    0x0000000000001042      0xafc ./Core/Src/stm32f3xx_hal_msp.o
 .debug_info    0x0000000000001b3e      0x113 ./Core/Src/stm32f3xx_it.o
 .debug_info    0x0000000000001c51      0x407 ./Core/Src/system_stm32f3xx.o
 .debug_info    0x0000000000002058       0x23 ./Core/Startup/startup_stm32f303retx.o
 .debug_info    0x000000000000207b      0x804 ./Drivers/STM32F3xx_HAL_Driver/Src/stm32f3xx_hal.o
 .debug_info    0x000000000000287f      0xcdf ./Drivers/STM32F3xx_HAL_Driver/Src/stm32f3xx_hal_cortex.o
 .debug_info    0x000000000000355e      0x827 ./Drivers/STM32F3xx_HAL_Driver/Src/stm32f3xx_hal_dac.o
 .debug_info    0x0000000000003d85      0x9c1 ./Drivers/STM32F3xx_HAL_Driver/Src/stm32f3xx_hal_dac_ex.o
 .debug_info    0x0000000000004746      0x6a6 ./Drivers/STM32F3xx_HAL_Driver/Src/stm32f3xx_hal_gpio.o
 .debug_info    0x0000000000004dec     0x1501 ./Drivers/STM32F3xx_HAL_Driver/Src/stm32f3xx_hal_rcc.o
 .debug_info    0x00000000000062ed      0x663 ./Drivers/STM32F3xx_HAL_Driver/Src/stm32f3xx_hal_rcc_ex.o
 .debug_info    0x0000000000006950     0x39a8 ./Drivers/STM32F3xx_HAL_Driver/Src/stm32f3xx_hal_uart.o

.debug_abbrev   0x0000000000000000     0x18f2
 .debug_abbrev  0x0000000000000000      0x285 ./Core/Src/main.o
 .debug_abbrev  0x0000000000000285      0x1a7 ./Core/Src/stm32f3xx_hal_msp.o
 .debug_abbrev  0x000000000000042c       0x73 ./Core/Src/stm32f3xx_it.o
 .debug_abbrev  0x000000000000049f      0x11a ./Core/Src/system_stm32f3xx.o
 .debug_abbrev  0x00000000000005b9       0x12 ./Core/Startup/startup_stm32f303retx.o
 .debug_abbrev  0x00000000000005cb      0x215 ./Drivers/STM32F3xx_HAL_Driver/Src/stm32f3xx_hal.o
 .debug_abbrev  0x00000000000007e0      0x329 ./Drivers/STM32F3xx_HAL_Driver/Src/stm32f3xx_hal_cortex.o
 .debug_abbrev  0x0000000000000b09      0x1ac ./Drivers/STM32F3xx_HAL_Driver/Src/stm32f3xx_hal_dac.o
 .debug_abbrev  0x0000000000000cb5      0x25d ./Drivers/STM32F3xx_HAL_Driver/Src/stm32f3xx_hal_dac_ex.o
 .debug_abbrev  0x0000000000000f12      0x1ca ./Drivers/STM32F3xx_HAL_Driver/Src/stm32f3xx_hal_gpio.o
 .debug_abbrev  0x00000000000010dc      0x300 ./Drivers/STM32F3xx_HAL_Driver/Src/stm32f3xx_hal_rcc.o
 .debug_abbrev  0x00000000000013dc      0x245 ./Drivers/STM32F3xx_HAL_Driver/Src/stm32f3xx_hal_rcc_ex.o
 .debug_abbrev  0x0000000000001621      0x2d1 ./Drivers/STM32F3xx_HAL_Driver/Src/stm32f3xx_hal_uart.o

.debug_aranges  0x0000000000000000      0x7e8
 .debug_aranges
                0x0000000000000000       0x60 ./Core/Src/main.o
 .debug_aranges
                0x0000000000000060       0x40 ./Core/Src/stm32f3xx_hal_msp.o
 .debug_aranges
                0x00000000000000a0       0x60 ./Core/Src/stm32f3xx_it.o
 .debug_aranges
                0x0000000000000100       0x28 ./Core/Src/system_stm32f3xx.o
 .debug_aranges
                0x0000000000000128       0x28 ./Core/Startup/startup_stm32f303retx.o
 .debug_aranges
                0x0000000000000150       0xe0 ./Drivers/STM32F3xx_HAL_Driver/Src/stm32f3xx_hal.o
 .debug_aranges
                0x0000000000000230      0x118 ./Drivers/STM32F3xx_HAL_Driver/Src/stm32f3xx_hal_cortex.o
 .debug_aranges
                0x0000000000000348       0xa8 ./Drivers/STM32F3xx_HAL_Driver/Src/stm32f3xx_hal_dac.o
 .debug_aranges
                0x00000000000003f0       0xb8 ./Drivers/STM32F3xx_HAL_Driver/Src/stm32f3xx_hal_dac_ex.o
 .debug_aranges
                0x00000000000004a8       0x58 ./Drivers/STM32F3xx_HAL_Driver/Src/stm32f3xx_hal_gpio.o
 .debug_aranges
                0x0000000000000500       0x88 ./Drivers/STM32F3xx_HAL_Driver/Src/stm32f3xx_hal_rcc.o
 .debug_aranges
                0x0000000000000588       0x38 ./Drivers/STM32F3xx_HAL_Driver/Src/stm32f3xx_hal_rcc_ex.o
 .debug_aranges
                0x00000000000005c0      0x228 ./Drivers/STM32F3xx_HAL_Driver/Src/stm32f3xx_hal_uart.o

.debug_rnglists
                0x0000000000000000      0x604
 .debug_rnglists
                0x0000000000000000       0x46 ./Core/Src/main.o
 .debug_rnglists
                0x0000000000000046       0x2c ./Core/Src/stm32f3xx_hal_msp.o
 .debug_rnglists
                0x0000000000000072       0x43 ./Core/Src/stm32f3xx_it.o
 .debug_rnglists
                0x00000000000000b5       0x1a ./Core/Src/system_stm32f3xx.o
 .debug_rnglists
                0x00000000000000cf       0x19 ./Core/Startup/startup_stm32f303retx.o
 .debug_rnglists
                0x00000000000000e8       0xa3 ./Drivers/STM32F3xx_HAL_Driver/Src/stm32f3xx_hal.o
 .debug_rnglists
                0x000000000000018b       0xce ./Drivers/STM32F3xx_HAL_Driver/Src/stm32f3xx_hal_cortex.o
 .debug_rnglists
                0x0000000000000259       0x7a ./Drivers/STM32F3xx_HAL_Driver/Src/stm32f3xx_hal_dac.o
 .debug_rnglists
                0x00000000000002d3       0x89 ./Drivers/STM32F3xx_HAL_Driver/Src/stm32f3xx_hal_dac_ex.o
 .debug_rnglists
                0x000000000000035c       0x3f ./Drivers/STM32F3xx_HAL_Driver/Src/stm32f3xx_hal_gpio.o
 .debug_rnglists
                0x000000000000039b       0x66 ./Drivers/STM32F3xx_HAL_Driver/Src/stm32f3xx_hal_rcc.o
 .debug_rnglists
                0x0000000000000401       0x29 ./Drivers/STM32F3xx_HAL_Driver/Src/stm32f3xx_hal_rcc_ex.o
 .debug_rnglists
                0x000000000000042a      0x1da ./Drivers/STM32F3xx_HAL_Driver/Src/stm32f3xx_hal_uart.o

.debug_macro    0x0000000000000000    0x1f39c
 .debug_macro   0x0000000000000000      0x1e6 ./Core/Src/main.o
 .debug_macro   0x00000000000001e6      0xaa8 ./Core/Src/main.o
 .debug_macro   0x0000000000000c8e      0x157 ./Core/Src/main.o
 .debug_macro   0x0000000000000de5       0x2e ./Core/Src/main.o
 .debug_macro   0x0000000000000e13       0x28 ./Core/Src/main.o
 .debug_macro   0x0000000000000e3b       0x22 ./Core/Src/main.o
 .debug_macro   0x0000000000000e5d       0x8e ./Core/Src/main.o
 .debug_macro   0x0000000000000eeb       0x51 ./Core/Src/main.o
 .debug_macro   0x0000000000000f3c      0x103 ./Core/Src/main.o
 .debug_macro   0x000000000000103f       0x6a ./Core/Src/main.o
 .debug_macro   0x00000000000010a9      0x1df ./Core/Src/main.o
 .debug_macro   0x0000000000001288       0x1c ./Core/Src/main.o
 .debug_macro   0x00000000000012a4       0x22 ./Core/Src/main.o
 .debug_macro   0x00000000000012c6       0xd9 ./Core/Src/main.o
 .debug_macro   0x000000000000139f     0x102d ./Core/Src/main.o
 .debug_macro   0x00000000000023cc      0x11f ./Core/Src/main.o
 .debug_macro   0x00000000000024eb    0x1535a ./Core/Src/main.o
 .debug_macro   0x0000000000017845       0x6d ./Core/Src/main.o
 .debug_macro   0x00000000000178b2     0x3558 ./Core/Src/main.o
 .debug_macro   0x000000000001ae0a      0x174 ./Core/Src/main.o
 .debug_macro   0x000000000001af7e       0x55 ./Core/Src/main.o
 .debug_macro   0x000000000001afd3      0x953 ./Core/Src/main.o
 .debug_macro   0x000000000001b926      0x84a ./Core/Src/main.o
 .debug_macro   0x000000000001c170      0x1b5 ./Core/Src/main.o
 .debug_macro   0x000000000001c325      0x23a ./Core/Src/main.o
 .debug_macro   0x000000000001c55f      0x1ea ./Core/Src/main.o
 .debug_macro   0x000000000001c749      0x1bc ./Core/Src/main.o
 .debug_macro   0x000000000001c905       0x30 ./Core/Src/main.o
 .debug_macro   0x000000000001c935       0x3c ./Core/Src/main.o
 .debug_macro   0x000000000001c971      0x235 ./Core/Src/main.o
 .debug_macro   0x000000000001cba6      0x176 ./Core/Src/main.o
 .debug_macro   0x000000000001cd1c       0x61 ./Core/Src/main.o
 .debug_macro   0x000000000001cd7d       0xc5 ./Core/Src/main.o
 .debug_macro   0x000000000001ce42      0x21d ./Core/Src/main.o
 .debug_macro   0x000000000001d05f      0x22c ./Core/Src/main.o
 .debug_macro   0x000000000001d28b       0x5b ./Core/Src/main.o
 .debug_macro   0x000000000001d2e6       0xa5 ./Core/Src/main.o
 .debug_macro   0x000000000001d38b       0x81 ./Core/Src/main.o
 .debug_macro   0x000000000001d40c       0xd3 ./Core/Src/main.o
 .debug_macro   0x000000000001d4df      0x5ba ./Core/Src/main.o
 .debug_macro   0x000000000001da99       0x44 ./Core/Src/main.o
 .debug_macro   0x000000000001dadd      0x347 ./Core/Src/main.o
 .debug_macro   0x000000000001de24       0xa6 ./Core/Src/main.o
 .debug_macro   0x000000000001deca      0x1e6 ./Core/Src/stm32f3xx_hal_msp.o
 .debug_macro   0x000000000001e0b0      0x1f0 ./Core/Src/stm32f3xx_it.o
 .debug_macro   0x000000000001e2a0      0x1d7 ./Core/Src/system_stm32f3xx.o
 .debug_macro   0x000000000001e477      0x1fb ./Drivers/STM32F3xx_HAL_Driver/Src/stm32f3xx_hal.o
 .debug_macro   0x000000000001e672      0x1d7 ./Drivers/STM32F3xx_HAL_Driver/Src/stm32f3xx_hal_cortex.o
 .debug_macro   0x000000000001e849      0x1d8 ./Drivers/STM32F3xx_HAL_Driver/Src/stm32f3xx_hal_dac.o
 .debug_macro   0x000000000001ea21      0x1d7 ./Drivers/STM32F3xx_HAL_Driver/Src/stm32f3xx_hal_dac_ex.o
 .debug_macro   0x000000000001ebf8      0x1de ./Drivers/STM32F3xx_HAL_Driver/Src/stm32f3xx_hal_gpio.o
 .debug_macro   0x000000000001edd6      0x1fb ./Drivers/STM32F3xx_HAL_Driver/Src/stm32f3xx_hal_rcc.o
 .debug_macro   0x000000000001efd1      0x1d7 ./Drivers/STM32F3xx_HAL_Driver/Src/stm32f3xx_hal_rcc_ex.o
 .debug_macro   0x000000000001f1a8      0x1f4 ./Drivers/STM32F3xx_HAL_Driver/Src/stm32f3xx_hal_uart.o

.debug_line     0x0000000000000000     0xae6d
 .debug_line    0x0000000000000000      0x93b ./Core/Src/main.o
 .debug_line    0x000000000000093b      0x807 ./Core/Src/stm32f3xx_hal_msp.o
 .debug_line    0x0000000000001142      0x834 ./Core/Src/stm32f3xx_it.o
 .debug_line    0x0000000000001976      0x7ed ./Core/Src/system_stm32f3xx.o
 .debug_line    0x0000000000002163       0x7a ./Core/Startup/startup_stm32f303retx.o
 .debug_line    0x00000000000021dd      0xa1d ./Drivers/STM32F3xx_HAL_Driver/Src/stm32f3xx_hal.o
 .debug_line    0x0000000000002bfa      0xce2 ./Drivers/STM32F3xx_HAL_Driver/Src/stm32f3xx_hal_cortex.o
 .debug_line    0x00000000000038dc      0x969 ./Drivers/STM32F3xx_HAL_Driver/Src/stm32f3xx_hal_dac.o
 .debug_line    0x0000000000004245      0xbe1 ./Drivers/STM32F3xx_HAL_Driver/Src/stm32f3xx_hal_dac_ex.o
 .debug_line    0x0000000000004e26      0xba4 ./Drivers/STM32F3xx_HAL_Driver/Src/stm32f3xx_hal_gpio.o
 .debug_line    0x00000000000059ca     0x140f ./Drivers/STM32F3xx_HAL_Driver/Src/stm32f3xx_hal_rcc.o
 .debug_line    0x0000000000006dd9      0xf35 ./Drivers/STM32F3xx_HAL_Driver/Src/stm32f3xx_hal_rcc_ex.o
 .debug_line    0x0000000000007d0e     0x315f ./Drivers/STM32F3xx_HAL_Driver/Src/stm32f3xx_hal_uart.o

.debug_str      0x0000000000000000    0xbdd20
 .debug_str     0x0000000000000000    0xbbf7b ./Core/Src/main.o
                                      0xbc674 (size before relaxing)
 .debug_str     0x00000000000bbf7b       0xaa ./Core/Src/stm32f3xx_hal_msp.o
                                      0xbc1f6 (size before relaxing)
 .debug_str     0x00000000000bc025       0xc9 ./Core/Src/stm32f3xx_it.o
                                      0xbbbdc (size before relaxing)
 .debug_str     0x00000000000bc0ee       0xe9 ./Core/Src/system_stm32f3xx.o
                                      0xbba6a (size before relaxing)
 .debug_str     0x00000000000bc1d7       0x34 ./Core/Startup/startup_stm32f303retx.o
                                         0x9b (size before relaxing)
 .debug_str     0x00000000000bc20b      0x700 ./Drivers/STM32F3xx_HAL_Driver/Src/stm32f3xx_hal.o
                                      0xbc313 (size before relaxing)
 .debug_str     0x00000000000bc90b      0x36c ./Drivers/STM32F3xx_HAL_Driver/Src/stm32f3xx_hal_cortex.o
                                      0xbc365 (size before relaxing)
 .debug_str     0x00000000000bcc77      0x154 ./Drivers/STM32F3xx_HAL_Driver/Src/stm32f3xx_hal_dac.o
                                      0xbbe6e (size before relaxing)
 .debug_str     0x00000000000bcdcb      0x1c1 ./Drivers/STM32F3xx_HAL_Driver/Src/stm32f3xx_hal_dac_ex.o
                                      0xbbf77 (size before relaxing)
 .debug_str     0x00000000000bcf8c      0x185 ./Drivers/STM32F3xx_HAL_Driver/Src/stm32f3xx_hal_gpio.o
                                      0xbbc4f (size before relaxing)
 .debug_str     0x00000000000bd111      0x2dd ./Drivers/STM32F3xx_HAL_Driver/Src/stm32f3xx_hal_rcc.o
                                      0xbbf0e (size before relaxing)
 .debug_str     0x00000000000bd3ee       0xbe ./Drivers/STM32F3xx_HAL_Driver/Src/stm32f3xx_hal_rcc_ex.o
                                      0xbbd58 (size before relaxing)
 .debug_str     0x00000000000bd4ac      0x874 ./Drivers/STM32F3xx_HAL_Driver/Src/stm32f3xx_hal_uart.o
                                      0xbc78d (size before relaxing)

.debug_frame    0x0000000000000000     0x1f3c
 .debug_frame   0x0000000000000000      0x128 ./Core/Src/main.o
 .debug_frame   0x0000000000000128       0xc4 ./Core/Src/stm32f3xx_hal_msp.o
 .debug_frame   0x00000000000001ec      0x104 ./Core/Src/stm32f3xx_it.o
 .debug_frame   0x00000000000002f0       0x58 ./Core/Src/system_stm32f3xx.o
 .debug_frame   0x0000000000000348      0x334 ./Drivers/STM32F3xx_HAL_Driver/Src/stm32f3xx_hal.o
 .debug_frame   0x000000000000067c      0x498 ./Drivers/STM32F3xx_HAL_Driver/Src/stm32f3xx_hal_cortex.o
 .debug_frame   0x0000000000000b14      0x2d4 ./Drivers/STM32F3xx_HAL_Driver/Src/stm32f3xx_hal_dac.o
 .debug_frame   0x0000000000000de8      0x310 ./Drivers/STM32F3xx_HAL_Driver/Src/stm32f3xx_hal_dac_ex.o
 .debug_frame   0x00000000000010f8      0x14c ./Drivers/STM32F3xx_HAL_Driver/Src/stm32f3xx_hal_gpio.o
 .debug_frame   0x0000000000001244      0x214 ./Drivers/STM32F3xx_HAL_Driver/Src/stm32f3xx_hal_rcc.o
 .debug_frame   0x0000000000001458       0xb0 ./Drivers/STM32F3xx_HAL_Driver/Src/stm32f3xx_hal_rcc_ex.o
 .debug_frame   0x0000000000001508      0x9e8 ./Drivers/STM32F3xx_HAL_Driver/Src/stm32f3xx_hal_uart.o
 .debug_frame   0x0000000000001ef0       0x20 C:/ST/STM32CubeIDE_1.13.1/STM32CubeIDE/plugins/com.st.stm32cube.ide.mcu.externaltools.gnu-tools-for-stm32.11.3.rel1.win32_1.1.0.202305231506/tools/bin/../lib/gcc/arm-none-eabi/11.3.1/../../../../arm-none-eabi/lib/thumb/v7e-m+fp/hard\libc_nano.a(libc_a-memset.o)
 .debug_frame   0x0000000000001f10       0x2c C:/ST/STM32CubeIDE_1.13.1/STM32CubeIDE/plugins/com.st.stm32cube.ide.mcu.externaltools.gnu-tools-for-stm32.11.3.rel1.win32_1.1.0.202305231506/tools/bin/../lib/gcc/arm-none-eabi/11.3.1/../../../../arm-none-eabi/lib/thumb/v7e-m+fp/hard\libc_nano.a(libc_a-init.o)

.debug_line_str
                0x0000000000000000       0x8f
 .debug_line_str
                0x0000000000000000       0x8f ./Core/Startup/startup_stm32f303retx.o
                                         0xa7 (size before relaxing)
