../Core/Src/main.c:64:6:send_OK	8	static
../Core/Src/main.c:69:6:send_FAIL	8	static
../Core/Src/main.c:74:6:send_UNKNOWN	8	static
../Core/Src/main.c:85:5:main	16	static
../Core/Src/main.c:167:6:SystemClock_Config	72	static
../Core/Src/main.c:206:13:MX_DAC_Init	24	static
../Core/Src/main.c:246:13:MX_USART2_UART_Init	8	static
../Core/Src/main.c:281:13:MX_GPIO_Init	48	static
../Core/Src/main.c:334:6:HAL_GPIO_EXTI_Callback	16	static
../Core/Src/main.c:351:6:Error_Handler	4	static,ignoring_inline_asm
